---
source: cli/tests/application_instances.rs
expression: "std::str::from_utf8(&output.stderr).unwrap()"
---
You don't have permission to connect to this instance.
Please check with your team manager to get approval first.

