---
source: cli/tests/application_instances.rs
expression: "std::str::from_utf8(&output.stdout).unwrap()"
---
This command group contains the commands to interact with an applicationâ€™s instances

Usage: wukong application instances [OPTIONS] <COMMAND>

Commands:
  list     Listing the currently running Elixir instances, normally under a GKE Pod
  connect  Start the interactive session to connect to the remote Elixir instance
  help     Print this message or the help of the given subcommand(s)

Options:
  -v, --verbose...  Use verbos output. More output per occurrence.
                    
                    By default, it'll only report errors.
                    `-v` show warnings
                    `-vv` show info
                    `-vvv` show debug
                    `-vvvv` show trace
  -q, --quiet...    Do not print log message
      --report      Store the debugging log in the log file, which is located at ~/.config/wukong
      --canary      Use the Canary channel API
  -h, --help        Print help
