---
source: cli/tests/application.rs
expression: "std::str::from_utf8(&output.stdout).unwrap()"
---
This command group contains the commands to interact with an application’s configurations

Usage: wukong application [OPTIONS] <COMMAND>

Commands:
  info       Show the application’s relevant informations
  logs       Getting the logs of the applications from the Google Cloud Logging
  instances  This command group contains the commands to interact with an application’s instances
  init       
  help       Print this message or the help of the given subcommand(s)

Options:
  -v, --verbose...  Use verbos output. More output per occurrence.
                    
                    By default, it'll only report errors.
                    `-v` show warnings
                    `-vv` show info
                    `-vvv` show debug
                    `-vvvv` show trace
  -q, --quiet...    Do not print log message
      --report      Store the debugging log in the log file, which is located at ~/.config/wukong
      --canary      Use the Canary channel API
  -h, --help        Print help
