---
source: cli/tests/config.rs
expression: "std::str::from_utf8(&output.stderr).unwrap()"
---
error: invalid value 'access_token' for '<CONFIG_NAME>'
  [possible values: wukong-api-url, okta-client-id]

For more information, try '--help'.
