---
source: cli/tests/config.rs
expression: "std::str::from_utf8(&output.stdout).unwrap()"
---
Application
valid-application

