---
source: tests/config.rs
expression: "std::str::from_utf8(&output.stdout).unwrap()"
---
Updated property [core/application].

