---
source: cli/tests/config.rs
expression: "std::str::from_utf8(&output.stderr).unwrap()"
---
[33mA new release of wukong is available:[39m [36m2.0.0-alpha2[39m [36mâ†’[39m [36m2.0.1[39m
To upgrade, run: brew update && brew upgrade wukong
[33mhttps://api.github.com/repos/mindvalley/wukong-cli/releases/128072901[39m
[31mError[39m [38;5;244m-[39m Config file not found at "/path/to/non/exist/config.toml".
[38;2;245;245;245mCaused by[39m [38;5;244m-[39m No such file or directory (os error 2)
[36mSuggestion[39m [38;5;244m-[39m 
	Run "wukong init" to initialise Wukong's configuration.


