---
source: cli/tests/config.rs
expression: "std::str::from_utf8(&output.stdout).unwrap()"
---
[core]
wukong_api_url = "https://wukong-api.com"

[auth]
