---
source: cli/tests/dev_config.rs
expression: "std::str::from_utf8(&output.stderr).unwrap()"
---
'[36mconfig/c.secret.exs[39m' not found.

