---
source: cli/tests/dev_config.rs
expression: "std::str::from_utf8(&output.stderr).unwrap()"
---
[31mError[39m [38;5;244m-[39m No config files found!


