---
source: cli/tests/dev_config.rs
expression: "std::str::from_utf8(&output.stderr).unwrap()"
---

üîç 3 annotation(s) found in [TEMP_DIR]/config/dev.exs
	[32mCreated[39m [TEMP_DIR]/config/config/a.secret.exs
	[32mCreated[39m [TEMP_DIR]/config/config/b.secret.exs
	[32mCreated[39m [TEMP_DIR]/config/config/c.secret.exs
[33mA new release of wukong is available:[39m [36m2.0.0-alpha2[39m [36m‚Üí[39m [36m2.0.1[39m
To upgrade, run: brew update && brew upgrade wukong
[33mhttps://api.github.com/repos/mindvalley/wukong-cli/releases/128072901[39m

