---
source: tests/config.rs
expression: "std::str::from_utf8(&output.stderr).unwrap()"
---
[31mError[39m [38;5;244m-[39m Config file not found at "/path/to/non/exist/config.toml".
[38;2;245;245;245mCaused by[39m [38;5;244m-[39m No such file or directory (os error 2)
[36mSuggestion[39m [38;5;244m-[39m 
	Run "wukong init" to initialise Wukong's configuration.


