---
source: tests/application_instances.rs
expression: "std::str::from_utf8(&output.stdout).unwrap()"
---
Listing the currently running Elixir instances, normally under a GKE Pod

Usage: wukong application instances [OPTIONS] <COMMAND>

Commands:
  list     Listing the currently running Elixir instances, normally under a GKE Pod
  connect  Start the interactive session to connect to the remote Elixir instance
  help     Print this message or the help of the given subcommand(s)

Options:
  -a, --application <APPLICATION>  Override the application name that the CLI will perform the
                                   command against. If the flag is not used, then the CLI will use
                                   the default application name from the config
  -v, --verbose...                 Use verbos output. More output per occurrence.
                                   
                                   By default, it'll only report errors.
                                   `-v` show warnings
                                   `-vv` show info
                                   `-vvv` show debug
                                   `-vvvv` show trace
  -q, --quiet...                   Do not print log message
  -h, --help                       Print help

