---
source: tests/completion.rs
expression: "std::str::from_utf8(&output.stdout).unwrap()"
---
Generate wukong cli completions for your shell to stdout

Usage: wukong completion [OPTIONS] <SHELL>

Arguments:
  <SHELL>  [possible values: bash, elvish, fish, powershell, zsh]

Options:
  -a, --application <APPLICATION>  Override the application name that the CLI will perform the
                                   command against. If the flag is not used, then the CLI will use
                                   the default application name from the config
  -v, --verbose...                 Use verbos output. More output per occurrence.
                                   
                                   By default, it'll only report errors.
                                   `-v` show warnings
                                   `-vv` show info
                                   `-vvv` show debug
                                   `-vvvv` show trace
  -q, --quiet...                   Do not print log message
  -h, --help                       Print help information

