---
source: tests/config.rs
expression: "std::str::from_utf8(&output.stderr).unwrap()"
---
error: 'access_token' isn't a valid value for '<CONFIG_NAME>'
  [possible values: application, wukong-api-url, okta-client-id]

For more information try '--help'

