---
source: tests/dev.rs
expression: "std::str::from_utf8(&output.stderr).unwrap()"
---

üîç 3 annotation(s) found in [TEMP_DIR]/config/dev.exs
	[32mCreated[39m [TEMP_DIR]/config/config/a.secret.exs
	[32mCreated[39m [TEMP_DIR]/config/config/b.secret.exs
	[32mCreated[39m [TEMP_DIR]/config/config/c.secret.exs

