---
source: tests/dev.rs
expression: "std::str::from_utf8(&output.stderr).unwrap()"
---

  [31mx[0m no_env_in_dev_config
   ,-[[36;1;4m[TEMP_DIR]/config/dev.exs[0m:3:1]
 [2m3[0m | 
 [2m4[0m | System.get_env("API_KEY")
   : [35;1m^^^^^^^^^^^^|^^^^^^^^^^^^[0m
   :             [35;1m`-- [35;1mDev config must not contains any environment variables[0m[0m
 [2m5[0m | System.fetch_env("API_SECRET")
   `----
[36m  help: [0mUse a static value instead of reading from environment variable. Also if this is a secret, move it to the `dev.secrets.exs` instead.


  [31mx[0m no_env_in_dev_config
   ,-[[36;1;4m[TEMP_DIR]/config/dev.exs[0m:4:1]
 [2m4[0m | System.get_env("API_KEY")
 [2m5[0m | System.fetch_env("API_SECRET")
   : [35;1m^^^^^^^^^^^^^^^|^^^^^^^^^^^^^^[0m
   :                [35;1m`-- [35;1mDev config must not contains any environment variables[0m[0m
 [2m6[0m | System.fetch_env!("API_TOKEN")
   `----
[36m  help: [0mUse a static value instead of reading from environment variable. Also if this is a secret, move it to the `dev.secrets.exs` instead.


  [31mx[0m no_env_in_dev_config
   ,-[[36;1;4m[TEMP_DIR]/config/dev.exs[0m:5:1]
 [2m5[0m | System.fetch_env("API_SECRET")
 [2m6[0m | System.fetch_env!("API_TOKEN")
   : [35;1m^^^^^^^^^^^^^^^|^^^^^^^^^^^^^^[0m
   :                [35;1m`-- [35;1mDev config must not contains any environment variables[0m[0m
 [2m7[0m | 
   `----
[36m  help: [0mUse a static value instead of reading from environment variable. Also if this is a secret, move it to the `dev.secrets.exs` instead.


  [31mx[0m no_env_in_dev_config
    ,-[[36;1;4m[TEMP_DIR]/config/dev.exs[0m:25:1]
 [2m25[0m | 
 [2m26[0m | test_domain = System.get_env("TEST_DOMAIN", "mv.test.com")
    : [35;1m              ^^^^^^^^^^^^^^^^^^^^^^|^^^^^^^^^^^^^^^^^^^^^[0m
    :                                     [35;1m`-- [35;1mDev config must not contains any environment variables[0m[0m
 [2m27[0m | 
    `----
[36m  help: [0mUse a static value instead of reading from environment variable. Also if this is a secret, move it to the `dev.secrets.exs` instead.


  [31mx[0m use_import_config_with_file_exists_checking
    ,-[[36;1;4m[TEMP_DIR]/config/dev.exs[0m:8:1]
 [2m 8[0m | # invalid
 [2m 9[0m | import_config "config/dev.exs"
    : [35;1m^^^^^^^^^^^^^^^|^^^^^^^^^^^^^^[0m
    :                [35;1m`-- [35;1mConsidering checking the existence of the file before importing using `File.exists?/2` function.[0m[0m
 [2m10[0m | 
    `----
[36m  help: [0mUse a static value instead of reading from environment variable. Also if this is a secret, move it to the `dev.secrets.exs` instead.


  [31mx[0m use_import_config_with_file_exists_checking
    ,-[[36;1;4m[TEMP_DIR]/config/dev.exs[0m:16:1]
 [2m16[0m |     # invalid
 [2m17[0m | [35;1m,[0m[35;1m-[0m[35;1m>[0m if File.exists?("config/a.exs") do
 [2m18[0m | [35;1m|[0m     import_config "config/b.exs"
 [2m19[0m | [35;1m|[0m[35;1m-[0m[35;1m>[0m end
    : [35;1m`[0m[35;1m---[0m[35;1m-[0m [35;1mConsidering checking the existence of the file before importing using `File.exists?/2` function.[0m
 [2m20[0m |     
    `----
[36m  help: [0mUse a static value instead of reading from environment variable. Also if this is a secret, move it to the `dev.secrets.exs` instead.


  [31mx[0m use_import_config_with_file_exists_checking
    ,-[[36;1;4m[TEMP_DIR]/config/dev.exs[0m:23:1]
 [2m23[0m | # invalid
 [2m24[0m | File.exists?("config/a.exs") && import_config "config/b.exs"
    : [35;1m^^^^^^^^^^^^^^^^^^^^^^^^^^^^^^|^^^^^^^^^^^^^^^^^^^^^^^^^^^^^[0m
    :                               [35;1m`-- [35;1mConsidering checking the existence of the file before importing using `File.exists?/2` function.[0m[0m
 [2m25[0m | 
    `----
[36m  help: [0mUse a static value instead of reading from environment variable. Also if this is a secret, move it to the `dev.secrets.exs` instead.


  [31mx[0m no_env_in_main_config
   ,-[[36;1;4m[TEMP_DIR]/config/config.exs[0m:3:1]
 [2m3[0m | 
 [2m4[0m | System.get_env("API_KEY")
   : [35;1m^^^^^^^^^^^^|^^^^^^^^^^^^[0m
   :             [35;1m`-- [35;1mMain config must not contains any environment variables[0m[0m
 [2m5[0m | System.fetch_env("API_SECRET")
   `----
[36m  help: [0mMove this config value into either `runtime.exs` if youâ€™re reading them during runtime, or providing a static value.


  [31mx[0m no_env_in_main_config
   ,-[[36;1;4m[TEMP_DIR]/config/config.exs[0m:4:1]
 [2m4[0m | System.get_env("API_KEY")
 [2m5[0m | System.fetch_env("API_SECRET")
   : [35;1m^^^^^^^^^^^^^^^|^^^^^^^^^^^^^^[0m
   :                [35;1m`-- [35;1mMain config must not contains any environment variables[0m[0m
 [2m6[0m | System.fetch_env!("API_TOKEN")
   `----
[36m  help: [0mMove this config value into either `runtime.exs` if youâ€™re reading them during runtime, or providing a static value.


  [31mx[0m no_env_in_main_config
   ,-[[36;1;4m[TEMP_DIR]/config/config.exs[0m:5:1]
 [2m5[0m | System.fetch_env("API_SECRET")
 [2m6[0m | System.fetch_env!("API_TOKEN")
   : [35;1m^^^^^^^^^^^^^^^|^^^^^^^^^^^^^^[0m
   :                [35;1m`-- [35;1mMain config must not contains any environment variables[0m[0m
 [2m7[0m | 
   `----
[36m  help: [0mMove this config value into either `runtime.exs` if youâ€™re reading them during runtime, or providing a static value.


  [31mx[0m no_env_in_main_config
    ,-[[36;1;4m[TEMP_DIR]/config/config.exs[0m:25:1]
 [2m25[0m | 
 [2m26[0m | test_domain = System.get_env("TEST_DOMAIN", "mv.test.com")
    : [35;1m              ^^^^^^^^^^^^^^^^^^^^^^|^^^^^^^^^^^^^^^^^^^^^[0m
    :                                     [35;1m`-- [35;1mMain config must not contains any environment variables[0m[0m
 [2m27[0m | 
    `----
[36m  help: [0mMove this config value into either `runtime.exs` if youâ€™re reading them during runtime, or providing a static value.

Total time taken: [DURATION_IN_MS] ([DURATION_IN_MS] to load, [DURATION_IN_MS] running 3 checks)
Total files: 2

