---
source: tests/dev_config.rs
expression: "std::str::from_utf8(&output.stderr).unwrap()"
---
[31mError[39m [38;5;244m-[39m No dev secret config files found!
[36mSuggestion[39m [38;5;244m-[39m 
	Run "wukong config dev pull" to pull the latest dev config.


