---
source: tests/pipeline.rs
expression: "std::str::from_utf8(&output.stdout).unwrap()"
---
Changes: 
[1m[32m[SUCCESS][39m[0m [36m#6[39m (Thu, 16 Feb 2023 05:35:12 +0000)
commit d (commit: [93m2249f1a[39m)

[1m[32m[SUCCESS][39m[0m [36m#5[39m (Wed, 15 Feb 2023 09:13:09 +0000)
commit c (commit: [93mf5bbe4a[39m)

[1m[32m[SUCCESS][39m[0m [36m#4[39m (Wed, 15 Feb 2023 07:10:21 +0000)
commit b (commit: [93m1388f05[39m)

[1m[32m[SUCCESS][39m[0m [36m#3[39m (Wed, 15 Feb 2023 06:53:09 +0000)
commit a (commit: [93m7520322[39m)


