---
source: tests/wukong.rs
expression: "std::str::from_utf8(&output.stdout).unwrap()"
---
wukong 1.0.1

